<html>
<body>
<pre>
<h1>µVision Build Log</h1>
<h2>Project:</h2>
C:\Keil\Labware\Lab9_FunctionalDebugging\Lab9.uvproj
Project File Date:  06/29/2021

<h2>Output:</h2>
Rebuild target 'Lab9'
assembling startup.s...
compiling main.c...
main.c(117): warning:  #1-D: last line of file ends without a newline
  // pink     R-B    0x06
main.c: 1 warning, 0 errors
linking...
Program Size: Code=2964 RO-data=2712 RW-data=68 ZI-data=1644  
".\Lab9.axf" - 0 Error(s), 1 Warning(s).
</pre>
</body>
</html>
