<html>
<body>
<pre>
<h1>µVision Build Log</h1>
<h2>Project:</h2>
C:\Keil\Labware\Lab8_SwitchLEDinterface\Lab8.uvproj
Project File Date:  02/11/2014

<h2>Output:</h2>
Rebuild target 'Lab8'
assembling startup.s...
compiling SwitchLEDInterface.c...
SwitchLEDInterface.c(93): warning:  #1-D: last line of file ends without a newline
  }
SwitchLEDInterface.c: 1 warning, 0 errors
linking...
Program Size: Code=4108 RO-data=6628 RW-data=60 ZI-data=1756  
".\Lab8.axf" - 0 Error(s), 1 Warning(s).
</pre>
</body>
</html>
ab8_SwitchLEDinterface\\Lab8.axf" 
Connecting: Mode=JTAG, Speed=1000000Hz
Erase Done.
Programming Done.
Verify OK.
Error: Target DLL has been cancelled. Debugger aborted !
