<html>
<body>
<pre>
<h1>µVision Build Log</h1>
<h2>Project:</h2>
C:\Keil\Labware\Lab7_HeartBlock\Lab7.uvproj
Project File Date:  05/27/2021

<h2>Output:</h2>
Rebuild target 'Lab7'
assembling startup.s...
compiling main.c...
main.c(203): warning:  #1-D: last line of file ends without a newline
  }
main.c: 1 warning, 0 errors
linking...
Program Size: Code=4304 RO-data=6156 RW-data=84 ZI-data=1756  
".\Lab7.axf" - 0 Error(s), 1 Warning(s).
Load "C:\\Keil\\Labware\\Lab7_HeartBlock\\Lab7.axf" 
Connecting: Mode=JTAG, Speed=1000000Hz
Erase Done.
Programming Done.
Verify OK.
</pre>
</body>
</html>
